---
http_interactions:
- request:
    method: put
    uri: http://localhost:3200/source/home:tom/_meta
    body:
      encoding: UTF-8
      string: |
        <project name="home:tom">
          <title/>
          <description/>
          <person userid="tom" role="maintainer"/>
        </project>
    headers:
      Accept-Encoding:
      - gzip;q=1.0,deflate;q=0.6,identity;q=0.3
      Accept:
      - "*/*"
      User-Agent:
      - Ruby
  response:
    status:
      code: 200
      message: OK
    headers:
      Content-Type:
      - text/xml
      Cache-Control:
      - no-cache
      Connection:
      - close
      Content-Length:
      - '129'
    body:
      encoding: UTF-8
      string: |
        <project name="home:tom">
          <title></title>
          <description></description>
          <person userid="tom" role="maintainer" />
        </project>
    http_version: 
  recorded_at: Fri, 19 Aug 2016 09:47:08 GMT
- request:
    method: put
    uri: http://localhost:3200/source/home:tom/package_with_file/_meta
    body:
      encoding: UTF-8
      string: |
        <package name="package_with_file" project="home:tom">
          <title/>
          <description/>
        </package>
    headers:
      Accept-Encoding:
      - gzip;q=1.0,deflate;q=0.6,identity;q=0.3
      Accept:
      - "*/*"
      User-Agent:
      - Ruby
  response:
    status:
      code: 200
      message: OK
    headers:
      Content-Type:
      - text/xml
      Cache-Control:
      - no-cache
      Connection:
      - close
      Content-Length:
      - '113'
    body:
      encoding: UTF-8
      string: |
        <package name="package_with_file" project="home:tom">
          <title></title>
          <description></description>
        </package>
    http_version: 
  recorded_at: Fri, 19 Aug 2016 09:47:08 GMT
- request:
    method: put
    uri: http://localhost:3200/source/home:tom/package_with_file/somefile.txt
    body:
      encoding: UTF-8
      string: Facere quo et. Consequatur ipsum similique quia rem. Velit quas omnis
        voluptatem quaerat ipsam porro eaque. Qui laudantium in eum et.
    headers:
      Accept-Encoding:
      - gzip;q=1.0,deflate;q=0.6,identity;q=0.3
      Accept:
      - "*/*"
      User-Agent:
      - Ruby
  response:
    status:
      code: 200
      message: OK
    headers:
      Content-Type:
      - text/xml
      Cache-Control:
      - no-cache
      Connection:
      - close
      Content-Length:
      - '207'
    body:
      encoding: UTF-8
      string: |
        <revision rev="3" vrev="3">
          <srcmd5>068518607a50c88ce9812ee8c65957d0</srcmd5>
          <version>unknown</version>
          <time>1471600028</time>
          <user>unknown</user>
          <comment></comment>
          <requestid/>
        </revision>
    http_version: 
  recorded_at: Fri, 19 Aug 2016 09:47:08 GMT
- request:
    method: get
    uri: http://localhost:3200/source/home:tom/package_with_file?expand=1
    body:
      encoding: US-ASCII
      string: ''
    headers:
      Accept-Encoding:
      - gzip;q=1.0,deflate;q=0.6,identity;q=0.3
      Accept:
      - "*/*"
      User-Agent:
      - Ruby
  response:
    status:
      code: 200
      message: OK
    headers:
      Content-Type:
      - text/xml
      Cache-Control:
      - no-cache
      Connection:
      - close
      Content-Length:
      - '210'
    body:
      encoding: UTF-8
      string: |
        <directory name="package_with_file" rev="3" vrev="3" srcmd5="068518607a50c88ce9812ee8c65957d0">
          <entry name="somefile.txt" md5="67825564b592b80f774ba0bb06428ee9" size="133" mtime="1471600028" />
        </directory>
    http_version: 
  recorded_at: Fri, 19 Aug 2016 09:47:08 GMT
recorded_with: VCR 3.0.1
