---
http_interactions:
- request:
    method: put
    uri: http://localhost:3200/source/home:tom/_meta
    body:
      encoding: UTF-8
      string: |
        <project name="home:tom">
          <title/>
          <description/>
          <person userid="tom" role="maintainer"/>
        </project>
    headers:
      Accept-Encoding:
      - gzip;q=1.0,deflate;q=0.6,identity;q=0.3
      Accept:
      - "*/*"
      User-Agent:
      - Ruby
  response:
    status:
      code: 200
      message: OK
    headers:
      Content-Type:
      - text/xml
      Cache-Control:
      - no-cache
      Connection:
      - close
      Content-Length:
      - '129'
    body:
      encoding: UTF-8
      string: |
        <project name="home:tom">
          <title></title>
          <description></description>
          <person userid="tom" role="maintainer" />
        </project>
    http_version: 
  recorded_at: Thu, 18 Aug 2016 14:34:08 GMT
- request:
    method: put
    uri: http://localhost:3200/source/home:tom/my_package/_meta
    body:
      encoding: UTF-8
      string: |
        <package name="my_package" project="home:tom">
          <title/>
          <description/>
        </package>
    headers:
      Accept-Encoding:
      - gzip;q=1.0,deflate;q=0.6,identity;q=0.3
      Accept:
      - "*/*"
      User-Agent:
      - Ruby
  response:
    status:
      code: 200
      message: OK
    headers:
      Content-Type:
      - text/xml
      Cache-Control:
      - no-cache
      Connection:
      - close
      Content-Length:
      - '106'
    body:
      encoding: UTF-8
      string: |
        <package name="my_package" project="home:tom">
          <title></title>
          <description></description>
        </package>
    http_version: 
  recorded_at: Thu, 18 Aug 2016 14:34:08 GMT
- request:
    method: put
    uri: http://localhost:3200/source/home:tom/my_package/somefile.txt
    body:
      encoding: UTF-8
      string: Repudiandae aspernatur labore beatae voluptatem. Vel velit quo consequatur
        sit. Qui eaque nihil doloribus placeat numquam id.
    headers:
      Accept-Encoding:
      - gzip;q=1.0,deflate;q=0.6,identity;q=0.3
      Accept:
      - "*/*"
      User-Agent:
      - Ruby
  response:
    status:
      code: 200
      message: OK
    headers:
      Content-Type:
      - text/xml
      Cache-Control:
      - no-cache
      Connection:
      - close
      Content-Length:
      - '207'
    body:
      encoding: UTF-8
      string: |
        <revision rev="2" vrev="2">
          <srcmd5>b46708baa883368f866dc8bc4ae86984</srcmd5>
          <version>unknown</version>
          <time>1471530848</time>
          <user>unknown</user>
          <comment></comment>
          <requestid/>
        </revision>
    http_version: 
  recorded_at: Thu, 18 Aug 2016 14:34:08 GMT
- request:
    method: get
    uri: http://localhost:3200/source/home:tom/my_package?expand=1
    body:
      encoding: US-ASCII
      string: ''
    headers:
      Accept-Encoding:
      - gzip;q=1.0,deflate;q=0.6,identity;q=0.3
      Accept:
      - "*/*"
      User-Agent:
      - Ruby
  response:
    status:
      code: 200
      message: OK
    headers:
      Content-Type:
      - text/xml
      Cache-Control:
      - no-cache
      Connection:
      - close
      Content-Length:
      - '203'
    body:
      encoding: UTF-8
      string: |
        <directory name="my_package" rev="2" vrev="2" srcmd5="b46708baa883368f866dc8bc4ae86984">
          <entry name="somefile.txt" md5="06e32bbbceb071ac58dacf7f7b76de6d" size="125" mtime="1471530848" />
        </directory>
    http_version: 
  recorded_at: Thu, 18 Aug 2016 14:34:08 GMT
recorded_with: VCR 3.0.1
